Archive member included to satisfy reference by file (symbol)

c:/program files (x86)/atmel/studio/7.0/toolchain/avr8/avr8-gnu-toolchain/bin/../lib/gcc/avr/4.9.2/../../../../avr/lib/avr51\libm.a(addsf3.o)
                              bikerace.o (__addsf3)
c:/program files (x86)/atmel/studio/7.0/toolchain/avr8/avr8-gnu-toolchain/bin/../lib/gcc/avr/4.9.2/../../../../avr/lib/avr51\libm.a(addsf3x.o)
                              c:/program files (x86)/atmel/studio/7.0/toolchain/avr8/avr8-gnu-toolchain/bin/../lib/gcc/avr/4.9.2/../../../../avr/lib/avr51\libm.a(addsf3.o) (__addsf3x)
c:/program files (x86)/atmel/studio/7.0/toolchain/avr8/avr8-gnu-toolchain/bin/../lib/gcc/avr/4.9.2/../../../../avr/lib/avr51\libm.a(divsf3.o)
                              Glcd_function.o (__divsf3)
c:/program files (x86)/atmel/studio/7.0/toolchain/avr8/avr8-gnu-toolchain/bin/../lib/gcc/avr/4.9.2/../../../../avr/lib/avr51\libm.a(divsf3x.o)
                              c:/program files (x86)/atmel/studio/7.0/toolchain/avr8/avr8-gnu-toolchain/bin/../lib/gcc/avr/4.9.2/../../../../avr/lib/avr51\libm.a(divsf3.o) (__divsf3x)
c:/program files (x86)/atmel/studio/7.0/toolchain/avr8/avr8-gnu-toolchain/bin/../lib/gcc/avr/4.9.2/../../../../avr/lib/avr51\libm.a(fixsfsi.o)
                              bikerace.o (__fixsfsi)
c:/program files (x86)/atmel/studio/7.0/toolchain/avr8/avr8-gnu-toolchain/bin/../lib/gcc/avr/4.9.2/../../../../avr/lib/avr51\libm.a(fixunssfsi.o)
                              Glcd_function.o (__fixunssfsi)
c:/program files (x86)/atmel/studio/7.0/toolchain/avr8/avr8-gnu-toolchain/bin/../lib/gcc/avr/4.9.2/../../../../avr/lib/avr51\libm.a(floatsisf.o)
                              bikerace.o (__floatsisf)
c:/program files (x86)/atmel/studio/7.0/toolchain/avr8/avr8-gnu-toolchain/bin/../lib/gcc/avr/4.9.2/../../../../avr/lib/avr51\libm.a(fp_inf.o)
                              c:/program files (x86)/atmel/studio/7.0/toolchain/avr8/avr8-gnu-toolchain/bin/../lib/gcc/avr/4.9.2/../../../../avr/lib/avr51\libm.a(addsf3x.o) (__fp_inf)
c:/program files (x86)/atmel/studio/7.0/toolchain/avr8/avr8-gnu-toolchain/bin/../lib/gcc/avr/4.9.2/../../../../avr/lib/avr51\libm.a(fp_nan.o)
                              c:/program files (x86)/atmel/studio/7.0/toolchain/avr8/avr8-gnu-toolchain/bin/../lib/gcc/avr/4.9.2/../../../../avr/lib/avr51\libm.a(addsf3x.o) (__fp_nan)
c:/program files (x86)/atmel/studio/7.0/toolchain/avr8/avr8-gnu-toolchain/bin/../lib/gcc/avr/4.9.2/../../../../avr/lib/avr51\libm.a(fp_pscA.o)
                              c:/program files (x86)/atmel/studio/7.0/toolchain/avr8/avr8-gnu-toolchain/bin/../lib/gcc/avr/4.9.2/../../../../avr/lib/avr51\libm.a(addsf3x.o) (__fp_pscA)
c:/program files (x86)/atmel/studio/7.0/toolchain/avr8/avr8-gnu-toolchain/bin/../lib/gcc/avr/4.9.2/../../../../avr/lib/avr51\libm.a(fp_pscB.o)
                              c:/program files (x86)/atmel/studio/7.0/toolchain/avr8/avr8-gnu-toolchain/bin/../lib/gcc/avr/4.9.2/../../../../avr/lib/avr51\libm.a(addsf3x.o) (__fp_pscB)
c:/program files (x86)/atmel/studio/7.0/toolchain/avr8/avr8-gnu-toolchain/bin/../lib/gcc/avr/4.9.2/../../../../avr/lib/avr51\libm.a(fp_round.o)
                              c:/program files (x86)/atmel/studio/7.0/toolchain/avr8/avr8-gnu-toolchain/bin/../lib/gcc/avr/4.9.2/../../../../avr/lib/avr51\libm.a(addsf3.o) (__fp_round)
c:/program files (x86)/atmel/studio/7.0/toolchain/avr8/avr8-gnu-toolchain/bin/../lib/gcc/avr/4.9.2/../../../../avr/lib/avr51\libm.a(fp_split3.o)
                              c:/program files (x86)/atmel/studio/7.0/toolchain/avr8/avr8-gnu-toolchain/bin/../lib/gcc/avr/4.9.2/../../../../avr/lib/avr51\libm.a(addsf3x.o) (__fp_split3)
c:/program files (x86)/atmel/studio/7.0/toolchain/avr8/avr8-gnu-toolchain/bin/../lib/gcc/avr/4.9.2/../../../../avr/lib/avr51\libm.a(fp_zero.o)
                              c:/program files (x86)/atmel/studio/7.0/toolchain/avr8/avr8-gnu-toolchain/bin/../lib/gcc/avr/4.9.2/../../../../avr/lib/avr51\libm.a(addsf3x.o) (__fp_zero)
c:/program files (x86)/atmel/studio/7.0/toolchain/avr8/avr8-gnu-toolchain/bin/../lib/gcc/avr/4.9.2/../../../../avr/lib/avr51\libm.a(mulsf3.o)
                              bikerace.o (__mulsf3)
c:/program files (x86)/atmel/studio/7.0/toolchain/avr8/avr8-gnu-toolchain/bin/../lib/gcc/avr/4.9.2/../../../../avr/lib/avr51\libm.a(mulsf3x.o)
                              c:/program files (x86)/atmel/studio/7.0/toolchain/avr8/avr8-gnu-toolchain/bin/../lib/gcc/avr/4.9.2/../../../../avr/lib/avr51\libm.a(mulsf3.o) (__mulsf3x)
c:/program files (x86)/atmel/studio/7.0/toolchain/avr8/avr8-gnu-toolchain/bin/../lib/gcc/avr/4.9.2/avr51\libgcc.a(_divmodhi4.o)
                              bikerace.o (__divmodhi4)
c:/program files (x86)/atmel/studio/7.0/toolchain/avr8/avr8-gnu-toolchain/bin/../lib/gcc/avr/4.9.2/avr51\libgcc.a(_udivmodsi4.o)
                              move.o (__udivmodsi4)
[...]
Memory Configuration

Name             Origin             Length             Attributes
text             0x00000000         0x00020000         xr
data             0x00800100         0x0000ff00         rw !x
eeprom           0x00810000         0x00010000         rw !x
fuse             0x00820000         0x00000400         rw !x
lock             0x00830000         0x00000400         rw !x
signature        0x00840000         0x00000400         rw !x
user_signatures  0x00850000         0x00000400         rw !x
*default*        0x00000000         0xffffffff

Linker script and memory map

Address of section .data set to 0x800100
LOAD C:/Program Files (x86)/Atmel/Studio/7.0/Packs/atmel/ATmega_DFP/1.0.106/gcc/dev/atmega1284p/avr51/crtatmega1284p.o
LOAD bikerace.o
LOAD button.o
LOAD Glcd_function.o
LOAD JUNPGAME.o
LOAD main.o
LOAD move.o
LOAD Shooting.o
LOAD slide16.o
LOAD snake.o
LOAD sound.o
LOAD TETRIS.o
LOAD timer.o
START GROUP
LOAD c:/program files (x86)/atmel/studio/7.0/toolchain/avr8/avr8-gnu-toolchain/bin/../lib/gcc/avr/4.9.2/../../../../avr/lib/avr51\libm.a
END GROUP
LOAD c:/program files (x86)/atmel/studio/7.0/toolchain/avr8/avr8-gnu-toolchain/bin/../lib/gcc/avr/4.9.2/avr51\libgcc.a
LOAD c:/program files (x86)/atmel/studio/7.0/toolchain/avr8/avr8-gnu-toolchain/bin/../lib/gcc/avr/4.9.2/../../../../avr/lib/avr51\libm.a
START GROUP
LOAD c:/program files (x86)/atmel/studio/7.0/toolchain/avr8/avr8-gnu-toolchain/bin/../lib/gcc/avr/4.9.2/avr51\libgcc.a
LOAD c:/program files (x86)/atmel/studio/7.0/toolchain/avr8/avr8-gnu-toolchain/bin/../lib/gcc/avr/4.9.2/../../../../avr/lib/avr51\libm.a
LOAD c:/program files (x86)/atmel/studio/7.0/toolchain/avr8/avr8-gnu-toolchain/bin/../lib/gcc/avr/4.9.2/../../../../avr/lib/avr51\libc.a
LOAD C:/Program Files (x86)/Atmel/Studio/7.0/Packs/atmel/ATmega_DFP/1.0.106/gcc/dev/atmega1284p/avr51\libatmega1284p.a
END GROUP
                0x00020000                __TEXT_REGION_LENGTH__ = DEFINED (__TEXT_REGION_LENGTH__)?__TEXT_REGION_LENGTH__:0x20000
                0x0000ff00                __DATA_REGION_LENGTH__ = DEFINED (__DATA_REGION_LENGTH__)?__DATA_REGION_LENGTH__:0xff00
                0x00010000                __EEPROM_REGION_LENGTH__ = DEFINED (__EEPROM_REGION_LENGTH__)?__EEPROM_REGION_LENGTH__:0x10000
                0x00000400                __FUSE_REGION_LENGTH__ = DEFINED (__FUSE_REGION_LENGTH__)?__FUSE_REGION_LENGTH__:0x400
                0x00000400                __LOCK_REGION_LENGTH__ = DEFINED (__LOCK_REGION_LENGTH__)?__LOCK_REGION_LENGTH__:0x400
                0x00000400                __SIGNATURE_REGION_LENGTH__ = DEFINED (__SIGNATURE_REGION_LENGTH__)?__SIGNATURE_REGION_LENGTH__:0x400
                0x00000400                __USER_SIGNATURE_REGION_LENGTH__ = DEFINED (__USER_SIGNATURE_REGION_LENGTH__)?__USER_SIGNATURE_REGION_LENGTH__:0x400

.hash
 *(.hash)

.dynsym
 *(.dynsym)

.dynstr
 *(.dynstr)

.gnu.version
 *(.gnu.version)

.gnu.version_d
 *(.gnu.version_d)

.gnu.version_r
 *(.gnu.version_r)

.rel.init
 *(.rel.init)

.rela.init
 *(.rela.init)

.rel.text
 *(.rel.text)
 *(.rel.text.*)
 *(.rel.gnu.linkonce.t*)

.rela.text
 *(.rela.text)
 *(.rela.text.*)
 *(.rela.gnu.linkonce.t*)

.rel.fini
 *(.rel.fini)

.rela.fini
 *(.rela.fini)

.rel.rodata
 *(.rel.rodata)
 *(.rel.rodata.*)
 *(.rel.gnu.linkonce.r*)

.rela.rodata
 *(.rela.rodata)
 *(.rela.rodata.*)
 *(.rela.gnu.linkonce.r*)

.rel.data
 *(.rel.data)
 *(.rel.data.*)
 *(.rel.gnu.linkonce.d*)

.rela.data
 *(.rela.data)
 *(.rela.data.*)
 *(.rela.gnu.linkonce.d*)

.rel.ctors
 *(.rel.ctors)

.rela.ctors
 *(.rela.ctors)

.rel.dtors
 *(.rel.dtors)

.rela.dtors
 *(.rela.dtors)

.rel.got
 *(.rel.got)

.rela.got
 *(.rela.got)

.rel.bss
 *(.rel.bss)

.rela.bss
 *(.rela.bss)

.rel.plt
 *(.rel.plt)

.rela.plt
 *(.rela.plt)

.text           0x00000000    0x11b3c
 *(.vectors)
 .vectors       0x00000000       0x8c C:/Program Files (x86)/Atmel/Studio/7.0/Packs/atmel/ATmega_DFP/1.0.106/gcc/dev/atmega1284p/avr51/crtatmega1284p.o
                0x00000000                __vector_default
                0x00000000                __vectors
 *(.vectors)
 *(.progmem.gcc*)
 .progmem.gcc_sw_table._Z14move_moveEnemyv
                0x0000008c       0xb4 move.o
 .progmem.gcc_sw_table._Z10my_get_keyv
                0x00000140       0x10 TETRIS.o
                0x00000150                . = ALIGN (0x2)
                0x00000150                __trampolines_start = .
 *(.trampolines)
 .trampolines   0x00000150        0x0 linker stubs
 *(.trampolines*)
                0x00000150                __trampolines_end = .
 *libprintf_flt.a:*(.progmem.data)
 *libc.a:*(.progmem.data)
 *(.progmem*)
 .progmem.data._ZL8graphics
                0x00000150      0x800 Glcd_function.o
 .progmem.data._ZL10chara_font
                0x00000950      0x32a Glcd_function.o
 .progmem.data._ZL3DIR
                0x00000c7a      0x200 move.o
 .progmem.data._ZL10ATAN_TABLE
                0x00000e7a       0x21 Shooting.o
 .progmem.data._ZL3DIR
                0x00000e9b      0x200 Shooting.o
 .progmem.data._ZL8EnemyPtn
                0x0000109b       0x5a Shooting.o
 .progmem.data._ZL10SOUND_DATA
                0x000010f5      0x118 sound.o
                0x0000120e                . = ALIGN (0x2)
 *fill*         0x0000120d        0x1 
 *(.jumptables)
 *(.jumptables*)
 *(.lowtext)
 *(.lowtext*)
                0x0000120e                __ctors_start = .
 *(.ctors)
                0x0000120e                __ctors_end = .
                0x0000120e                __dtors_start = .
 *(.dtors)
                0x0000120e                __dtors_end = .
 SORT(*)(.ctors)
 SORT(*)(.dtors)
 *(.init0)
 .init0         0x0000120e        0x0 C:/Program Files (x86)/Atmel/Studio/7.0/Packs/atmel/ATmega_DFP/1.0.106/gcc/dev/atmega1284p/avr51/crtatmega1284p.o
                0x0000120e                __init
 *(.init0)
 *(.init1)
 *(.init1)
 *(.init2)
 .init2         0x0000120e        0xc C:/Program Files (x86)/Atmel/Studio/7.0/Packs/atmel/ATmega_DFP/1.0.106/gcc/dev/atmega1284p/avr51/crtatmega1284p.o
 *(.init2)
 *(.init3)
 *(.init3)
 *(.init4)
 .init4         0x0000121a       0x1a c:/program files (x86)/atmel/studio/7.0/toolchain/avr8/avr8-gnu-toolchain/bin/../lib/gcc/avr/4.9.2/avr51\libgcc.a(_copy_data.o)
                0x0000121a                __do_copy_data
 .init4         0x00001234       0x10 c:/program files (x86)/atmel/studio/7.0/toolchain/avr8/avr8-gnu-toolchain/bin/../lib/gcc/avr/4.9.2/avr51\libgcc.a(_clear_bss.o)
                0x00001234                __do_clear_bss
 *(.init4)
 *(.init5)
 *(.init5)
 *(.init6)
 *(.init6)
 *(.init7)
 *(.init7)
 *(.init8)
 *(.init8)
 *(.init9)
 .init9         0x00001244        0x8 C:/Program Files (x86)/Atmel/Studio/7.0/Packs/atmel/ATmega_DFP/1.0.106/gcc/dev/atmega1284p/avr51/crtatmega1284p.o
 *(.init9)
 *(.text)
 .text          0x0000124c        0x4 C:/Program Files (x86)/Atmel/Studio/7.0/Packs/atmel/ATmega_DFP/1.0.106/gcc/dev/atmega1284p/avr51/crtatmega1284p.o
                0x0000124c                __vector_22
                0x0000124c                __vector_1
                0x0000124c                __vector_32
                0x0000124c                __vector_34
                0x0000124c                __vector_24
                0x0000124c                __vector_12
                0x0000124c                __bad_interrupt
                0x0000124c                __vector_6
                0x0000124c                __vector_31
                0x0000124c                __vector_3
                0x0000124c                __vector_23
                0x0000124c                __vector_30
                0x0000124c                __vector_25
                0x0000124c                __vector_11
                0x0000124c                __vector_17
                0x0000124c                __vector_19
                0x0000124c                __vector_7
                0x0000124c                __vector_27
                0x0000124c                __vector_5
                0x0000124c                __vector_33
                0x0000124c                __vector_4
                0x0000124c                __vector_9
                0x0000124c                __vector_2
                0x0000124c                __vector_21
                0x0000124c                __vector_15
                0x0000124c                __vector_29
                0x0000124c                __vector_8
                0x0000124c                __vector_26
                0x0000124c                __vector_14
                0x0000124c                __vector_10
                0x0000124c                __vector_16
                0x0000124c                __vector_18
                0x00001250                . = ALIGN (0x2)
 *(.text.*)
 .text._Z10init_racerv
                0x00001250       0xa4 bikerace.o
                0x00001250                _Z10init_racerv
 .text._Z10move_racerv
                0x000012f4      0x3e6 bikerace.o
                0x000012f4                _Z10move_racerv
 .text._Z10draw_racerv
                0x000016da      0x434 bikerace.o
                0x000016da                _Z10draw_racerv
 .text._Z10rank_racerv
                0x00001b0e      0x11c bikerace.o
                0x00001b0e                _Z10rank_racerv
 .text._Z11init_herdlev
                0x00001c2a       0x78 bikerace.o
                0x00001c2a                _Z11init_herdlev
 .text._Z11draw_herdlev
                0x00001ca2      0x1e4 bikerace.o
                0x00001ca2                _Z11draw_herdlev
 .text._Z3hitv  0x00001e86      0x52a bikerace.o
                0x00001e86                _Z3hitv
 .text._Z8use_itemh
                0x000023b0      0x264 bikerace.o
                0x000023b0                _Z8use_itemh
 .text._Z9com_racerv
                0x00002614      0x204 bikerace.o
                0x00002614                _Z9com_racerv
 .text._Z9game_overv
                0x00002818       0xcc bikerace.o
                0x00002818                _Z9game_overv
 .text._Z14boardrace_mainv
                0x000028e4      0x31e bikerace.o
                0x000028e4                _Z14boardrace_mainv
 .text._Z12button_jadgeh
                0x00002c02       0x20 button.o
                0x00002c02                _Z12button_jadgeh
 .text._Z16button_jadge_onev
                0x00002c22       0x6e button.o
                0x00002c22                _Z16button_jadge_onev
 .text._Z12start_buttonv
                0x00002c90       0xf2 button.o
                0x00002c90                _Z12start_buttonv
 .text._Z15Glcd_SelectChiphh
                0x00002d82       0x1c Glcd_function.o
                0x00002d82                _Z15Glcd_SelectChiphh
 .text._Z9Glcd_Disph
                0x00002d9e       0x32 Glcd_function.o
                0x00002d9e                _Z9Glcd_Disph
 .text._Z14Glcd_StartLineh
                0x00002dd0       0x28 Glcd_function.o
                0x00002dd0                _Z14Glcd_StartLineh
 .text._Z12Glcd_SetPageh
                0x00002df8       0x2a Glcd_function.o
                0x00002df8                _Z12Glcd_SetPageh
 .text._Z14Glcd_SetColumnh
                0x00002e22       0x2a Glcd_function.o
                0x00002e22                _Z14Glcd_SetColumnh
 .text._Z10Glcd_Writeh
                0x00002e4c       0x28 Glcd_function.o
                0x00002e4c                _Z10Glcd_Writeh
 .text._Z7DrawDothh
                0x00002e74       0x70 Glcd_function.o
                0x00002e74                _Z7DrawDothh
 .text._Z8EraseDothh
                0x00002ee4       0x80 Glcd_function.o
                0x00002ee4                _Z8EraseDothh
 .text._Z13DrawLine_linehhh
                0x00002f64       0xcc Glcd_function.o
                0x00002f64                _Z13DrawLine_linehhh
 .text._Z15DrawLine_columnhhh
                0x00003030       0xee Glcd_function.o
                0x00003030                _Z15DrawLine_columnhhh
 .text._Z13DrawRectanglehhhh
                0x0000311e       0x36 Glcd_function.o
                0x0000311e                _Z13DrawRectanglehhhh
 .text._Z14Glcd_Print_mapv
                0x00003154       0xee Glcd_function.o
                0x00003154                _Z14Glcd_Print_mapv
 .text._Z12Clear_Screenv
                0x00003242       0x22 Glcd_function.o
                0x00003242                _Z12Clear_Screenv
 .text._Z9Glcd_fonthhc
                0x00003264      0x2f6 Glcd_function.o
                0x00003264                _Z9Glcd_fonthhc
 .text._Z8Glcd_strhhPc
                0x0000355a      0x502 Glcd_function.o
                0x0000355a                _Z8Glcd_strhhPc
 .text._Z13Glcd_str_waithhPch
                0x00003a5c      0x526 Glcd_function.o
                0x00003a5c                _Z13Glcd_str_waithhPch
 .text._Z12Glcd_graphichhchh
                0x00003f82      0x402 Glcd_function.o
                0x00003f82                _Z12Glcd_graphichhchh
 .text._Z13Glcd_graphmaphhchhhh
                0x00004384      0x376 Glcd_function.o
                0x00004384                _Z13Glcd_graphmaphhchhhh
 .text._Z8DrawLinehhhhh
                0x000046fa      0x20c Glcd_function.o
                0x000046fa                _Z8DrawLinehhhhh
 .text._Z14EraseRectanglehhhh
                0x00004906       0x42 Glcd_function.o
                0x00004906                _Z14EraseRectanglehhhh
 .text._Z10DrawCirclehhh
                0x00004948       0xae Glcd_function.o
                0x00004948                _Z10DrawCirclehhh
 .text._Z14DrawFillCirclehhh
                0x000049f6       0xc4 Glcd_function.o
                0x000049f6                _Z14DrawFillCirclehhh
 .text._Z15initJump_objectv
                0x00004aba       0x26 JUNPGAME.o
                0x00004aba                _Z15initJump_objectv
 .text._Z14setJump_objectih
                0x00004ae0      0x24a JUNPGAME.o
                0x00004ae0                _Z14setJump_objectih
 .text._Z15moveJump_objectv
                0x00004d2a      0x110 JUNPGAME.o
                0x00004d2a                _Z15moveJump_objectv
 .text._Z15drawJump_objectv
                0x00004e3a      0x234 JUNPGAME.o
                0x00004e3a                _Z15drawJump_objectv
 .text._Z14hitJump_objectaa
                0x0000506e      0x19a JUNPGAME.o
                0x0000506e                _Z14hitJump_objectaa
 .text._Z10draw_stagev
                0x00005208      0x446 JUNPGAME.o
                0x00005208                _Z10draw_stagev
 .text._Z9jump_mainv
                0x0000564e      0x620 JUNPGAME.o
                0x0000564e                _Z9jump_mainv
 .text.__vector_20
                0x00005c6e       0x20 main.o
                0x00005c6e                __vector_20
 .text.__vector_28
                0x00005c8e       0x26 main.o
                0x00005c8e                __vector_28
 .text._Z9menu_mainv
                0x00005cb4      0x2d4 main.o
                0x00005cb4                _Z9menu_mainv
 .text._Z10timer1Initv
                0x00005f88       0x2e main.o
                0x00005f88                _Z10timer1Initv
 .text.__vector_13
                0x00005fb6      0x138 main.o
                0x00005fb6                __vector_13
 .text.main     0x000060ee       0x96 main.o
                0x000060ee                main
 .text._Z7abilityh
                0x00006184       0x18 move.o
                0x00006184                _Z7abilityh
 .text._Z9map_blockii
                0x0000619c       0x8a move.o
                0x0000619c                _Z9map_blockii
 .text._Z16move_player_moveiiaa
                0x00006226      0x21a move.o
                0x00006226                _Z16move_player_moveiiaa
 .text._Z8gameoverv
                0x00006440       0xf2 move.o
                0x00006440                _Z8gameoverv
 .text._Z11move_enemy1h
                0x00006532      0x388 move.o
                0x00006532                _Z11move_enemy1h
 .text._Z15move_first_bossh
                0x000068ba      0x8ae move.o
                0x000068ba                _Z15move_first_bossh
 .text._Z11move_enemy2h
                0x00007168      0x13e move.o
                0x00007168                _Z11move_enemy2h
 .text._Z11move_enemy3h
                0x000072a6      0x214 move.o
                0x000072a6                _Z11move_enemy3h
 .text._Z11move_enemy4h
                0x000074ba      0x13e move.o
                0x000074ba                _Z11move_enemy4h
 .text._Z14move_initEnemyv
                0x000075f8      0x17e move.o
                0x000075f8                _Z14move_initEnemyv
 .text._Z13move_setEnemyiih
                0x00007776      0x218 move.o
                0x00007776                _Z13move_setEnemyiih
 .text._Z14move_drawEnemyv
                0x0000798e      0x508 move.o
                0x0000798e                _Z14move_drawEnemyv
 .text._Z8end_gamev
                0x00007e96      0x8a6 move.o
                0x00007e96                _Z8end_gamev
 .text._Z13move_hitEnemyiih
                0x0000873c      0x936 move.o
                0x0000873c                _Z13move_hitEnemyiih
 .text._Z10initBulletv
                0x00009072       0x26 move.o
                0x00009072                _Z10initBulletv
 .text._Z10shotBulletiiaah
                0x00009098       0x76 move.o
                0x00009098                _Z10shotBulletiiaah
 .text._Z16move_second_bossh
                0x0000910e      0x106 move.o
                0x0000910e                _Z16move_second_bossh
 .text._Z15move_third_bossh
                0x00009214      0x720 move.o
                0x00009214                _Z15move_third_bossh
 .text._Z11move_enemy5h
                0x00009934      0x166 move.o
                0x00009934                _Z11move_enemy5h
 .text._Z16move_last_boss_fh
                0x00009a9a      0x270 move.o
                0x00009a9a                _Z16move_last_boss_fh
 .text._Z16move_last_boss_sh
                0x00009d0a      0x1be move.o
                0x00009d0a                _Z16move_last_boss_sh
 .text._Z14move_moveEnemyv
                0x00009ec8       0xe0 move.o
                0x00009ec8                _Z14move_moveEnemyv
 .text._Z10moveBulletv
                0x00009fa8      0x2bc move.o
                0x00009fa8                _Z10moveBulletv
 .text._Z10drawBulletv
                0x0000a264      0x26c move.o
                0x0000a264                _Z10drawBulletv
 .text._Z8initShotv
                0x0000a4d0       0x28 move.o
                0x0000a4d0                _Z8initShotv
 .text._Z8shotShotiih
                0x0000a4f8      0x316 move.o
                0x0000a4f8                _Z8shotShotiih
 .text._Z8moveShotv
                0x0000a80e      0x408 move.o
                0x0000a80e                _Z8moveShotv
 .text._Z8drawShotv
                0x0000ac16      0x1c0 move.o
                0x0000ac16                _Z8drawShotv
 .text._Z12graph_playerhhhh
                0x0000add6       0x92 move.o
                0x0000add6                _Z12graph_playerhhhh
 .text._Z9graph_mapv
                0x0000ae68      0x2ec move.o
                0x0000ae68                _Z9graph_mapv
 .text._Z4dropjjPhS_Pi
                0x0000b154      0x488 move.o
                0x0000b154                _Z4dropjjPhS_Pi
 .text._Z9move_mainv
                0x0000b5dc     0x119c move.o
                0x0000b5dc                _Z9move_mainv
 .text._ZL10shotBulletaaaa
                0x0000c778       0x76 Shooting.o
 .text._ZL10moveBulletv
                0x0000c7ee      0x15e Shooting.o
 .text._ZL10drawBulletv
                0x0000c94c       0xbc Shooting.o
 .text._Z4ATANaa
                0x0000ca08      0x196 Shooting.o
                0x0000ca08                _Z4ATANaa
 .text._Z9initLaserv
                0x0000cb9e       0x1a Shooting.o
                0x0000cb9e                _Z9initLaserv
 .text._Z9shotLaseraa
                0x0000cbb8       0x66 Shooting.o
                0x0000cbb8                _Z9shotLaseraa
 .text._Z9drawLaserv
                0x0000cc1e       0x58 Shooting.o
                0x0000cc1e                _Z9drawLaserv
 .text._Z6enemy1a
                0x0000cc76       0xd4 Shooting.o
                0x0000cc76                _Z6enemy1a
 .text._Z6enemy2a
                0x0000cd4a      0x294 Shooting.o
                0x0000cd4a                _Z6enemy2a
 .text._Z6enemy3a
                0x0000cfde      0x112 Shooting.o
                0x0000cfde                _Z6enemy3a
 .text._Z9initEnemyv
                0x0000d0f0       0x14 Shooting.o
                0x0000d0f0                _Z9initEnemyv
 .text._Z8setEnemyaah
                0x0000d104       0x66 Shooting.o
                0x0000d104                _Z8setEnemyaah
 .text._Z9moveEnemyv
                0x0000d16a       0x58 Shooting.o
                0x0000d16a                _Z9moveEnemyv
 .text._Z9drawEnemyv
                0x0000d1c2       0x50 Shooting.o
                0x0000d1c2                _Z9drawEnemyv
 .text._Z13initExplosionv
                0x0000d212       0x14 Shooting.o
                0x0000d212                _Z13initExplosionv
 .text._Z13shootingTitlev
                0x0000d226       0x48 Shooting.o
                0x0000d226                _Z13shootingTitlev
 .text._Z12setExplosionaa
                0x0000d26e       0x4a Shooting.o
                0x0000d26e                _Z12setExplosionaa
 .text._Z8hitEnemyaa
                0x0000d2b8      0x204 Shooting.o
                0x0000d2b8                _Z8hitEnemyaa
 .text._Z13moveExplosionv
                0x0000d4bc       0x1c Shooting.o
                0x0000d4bc                _Z13moveExplosionv
 .text._Z13drawExplosionv
                0x0000d4d8       0xa8 Shooting.o
                0x0000d4d8                _Z13drawExplosionv
 .text._Z8moveBossv
                0x0000d580      0x4cc Shooting.o
                0x0000d580                _Z8moveBossv
 .text._Z7hitBossaa
                0x0000da4c      0x110 Shooting.o
                0x0000da4c                _Z7hitBossaa
 .text._Z9moveLaserv
                0x0000db5c       0xa8 Shooting.o
                0x0000db5c                _Z9moveLaserv
 .text._Z8drawBossv
                0x0000dc04       0xc2 Shooting.o
                0x0000dc04                _Z8drawBossv
 .text._Z12shootingOverv
                0x0000dcc6       0x76 Shooting.o
                0x0000dcc6                _Z12shootingOverv
 .text._Z13shooting_mainv
                0x0000dd3c      0x6a2 Shooting.o
                0x0000dd3c                _Z13shooting_mainv
 .text._Z10slide_mainv
                0x0000e3de       0xa6 slide16.o
                0x0000e3de                _Z10slide_mainv
 .text._Z15snake_game_overh
                0x0000e484       0xf0 snake.o
                0x0000e484                _Z15snake_game_overh
 .text._Z10snake_mainv
                0x0000e574      0x66c snake.o
                0x0000e574                _Z10snake_mainv
 .text._Z9soundInitv
                0x0000ebe0       0x28 sound.o
                0x0000ebe0                _Z9soundInitv
 .text._Z5soundh
                0x0000ec08       0x16 sound.o
                0x0000ec08                _Z5soundh
 .text._Z9soundPlayh
                0x0000ec1e       0x78 sound.o
                0x0000ec1e                _Z9soundPlayh
 .text._Z11simpleSoundhh
                0x0000ec96       0x22 sound.o
                0x0000ec96                _Z11simpleSoundhh
 .text._Z11soundEnginev
                0x0000ecb8       0x5a sound.o
                0x0000ecb8                _Z11soundEnginev
 .text._Z5getchv
                0x0000ed12       0x4a TETRIS.o
                0x0000ed12                _Z5getchv
 .text._Z11my_init_varv
                0x0000ed5c       0x98 TETRIS.o
                0x0000ed5c                _Z11my_init_varv
 .text._Z12my_init_var2v
                0x0000edf4       0x20 TETRIS.o
                0x0000edf4                _Z12my_init_var2v
 .text._Z13my_make_blockv
                0x0000ee14      0x11e TETRIS.o
                0x0000ee14                _Z13my_make_blockv
 .text._Z13my_make_fieldv
                0x0000ef32       0xf4 TETRIS.o
                0x0000ef32                _Z13my_make_fieldv
 .text._Z23my_make_collision_fieldv
                0x0000f026      0x164 TETRIS.o
                0x0000f026                _Z23my_make_collision_fieldv
 .text._Z11my_gameoverv
                0x0000f18a       0x86 TETRIS.o
                0x0000f18a                _Z11my_gameoverv
 .text._Z19my_serch_fall_statev
                0x0000f210      0x1d4 TETRIS.o
                0x0000f210                _Z19my_serch_fall_statev
 .text._Z13my_init_fieldv
                0x0000f3e4      0x13e TETRIS.o
                0x0000f3e4                _Z13my_init_fieldv
 .text._Z15my_clear_freezev
                0x0000f522       0xa2 TETRIS.o
                0x0000f522                _Z15my_clear_freezev
 .text._Z13my_save_fieldv
                0x0000f5c4       0x4e TETRIS.o
                0x0000f5c4                _Z13my_save_fieldv
 .text._Z13my_turn_rightv
                0x0000f612      0x1aa TETRIS.o
                0x0000f612                _Z13my_turn_rightv
 .text._Z12my_turn_leftv
                0x0000f7bc      0x1aa TETRIS.o
                0x0000f7bc                _Z12my_turn_leftv
 .text._Z10my_get_keyv
                0x0000f966      0x278 TETRIS.o
                0x0000f966                _Z10my_get_keyv
 .text._Z14my_clear_fieldv
                0x0000fbde       0x44 TETRIS.o
                0x0000fbde                _Z14my_clear_fieldv
 .text._Z7printtmc
                0x0000fc22      0x262 TETRIS.o
                0x0000fc22                _Z7printtmc
 .text._Z13my_draw_fieldv
                0x0000fe84      0x382 TETRIS.o
                0x0000fe84                _Z13my_draw_fieldv
 .text._Z14my_search_linev
                0x00010206      0x266 TETRIS.o
                0x00010206                _Z14my_search_linev
 .text._Z15my_freeze_blockv
                0x0001046c      0x15a TETRIS.o
                0x0001046c                _Z15my_freeze_blockv
 .text._Z11tetris_mainv
                0x000105c6      0x29a TETRIS.o
                0x000105c6                _Z11tetris_mainv
 .text._Z9timer_setv
                0x00010860      0x31e timer.o
                0x00010860                _Z9timer_setv
 .text._Z10timer_movev
                0x00010b7e      0x230 timer.o
                0x00010b7e                _Z10timer_movev
 .text._Z10timer_drawv
                0x00010dae      0x5c0 timer.o
                0x00010dae                _Z10timer_drawv
 .text._Z10timer_mainv
                0x0001136e       0xaa timer.o
                0x0001136e                _Z10timer_mainv
 .text.avr-libc.fplib
                0x00011418        0xa c:/program files (x86)/atmel/studio/7.0/toolchain/avr8/avr8-gnu-toolchain/bin/../lib/gcc/avr/4.9.2/../../../../avr/lib/avr51\libm.a(addsf3.o)
                0x00011418                __subsf3
                0x0001141a                __addsf3
 .text.avr-libc.fplib
                0x00011422       0xc0 c:/program files (x86)/atmel/studio/7.0/toolchain/avr8/avr8-gnu-toolchain/bin/../lib/gcc/avr/4.9.2/../../../../avr/lib/avr51\libm.a(addsf3x.o)
                0x0001143c                __addsf3x
 .text.avr-libc.fplib
                0x000114e2        0x4 c:/program files (x86)/atmel/studio/7.0/toolchain/avr8/avr8-gnu-toolchain/bin/../lib/gcc/avr/4.9.2/../../../../avr/lib/avr51\libm.a(divsf3.o)
                0x000114e2                __divsf3
 .text.avr-libc.fplib
                0x000114e6       0xcc c:/program files (x86)/atmel/studio/7.0/toolchain/avr8/avr8-gnu-toolchain/bin/../lib/gcc/avr/4.9.2/../../../../avr/lib/avr51\libm.a(divsf3x.o)
                0x000114fc                __divsf3x
                0x00011500                __divsf3_pse
 .text.avr-libc.fplib
                0x000115b2        0xa c:/program files (x86)/atmel/studio/7.0/toolchain/avr8/avr8-gnu-toolchain/bin/../lib/gcc/avr/4.9.2/../../../../avr/lib/avr51\libm.a(fixsfsi.o)
                0x000115b2                __fixsfsi
 .text.avr-libc.fplib
                0x000115bc       0x58 c:/program files (x86)/atmel/studio/7.0/toolchain/avr8/avr8-gnu-toolchain/bin/../lib/gcc/avr/4.9.2/../../../../avr/lib/avr51\libm.a(fixunssfsi.o)
                0x000115bc                __fixunssfsi
 .text.avr-libc.fplib
                0x00011614       0x7a c:/program files (x86)/atmel/studio/7.0/toolchain/avr8/avr8-gnu-toolchain/bin/../lib/gcc/avr/4.9.2/../../../../avr/lib/avr51\libm.a(floatsisf.o)
                0x00011614                __floatunsisf
                0x00011618                __floatsisf
 .text.avr-libc.fplib
                0x0001168e        0xc c:/program files (x86)/atmel/studio/7.0/toolchain/avr8/avr8-gnu-toolchain/bin/../lib/gcc/avr/4.9.2/../../../../avr/lib/avr51\libm.a(fp_inf.o)
                0x0001168e                __fp_inf
 .text.avr-libc.fplib
                0x0001169a        0x6 c:/program files (x86)/atmel/studio/7.0/toolchain/avr8/avr8-gnu-toolchain/bin/../lib/gcc/avr/4.9.2/../../../../avr/lib/avr51\libm.a(fp_nan.o)
                0x0001169a                __fp_nan
 .text.avr-libc.fplib
                0x000116a0        0xe c:/program files (x86)/atmel/studio/7.0/toolchain/avr8/avr8-gnu-toolchain/bin/../lib/gcc/avr/4.9.2/../../../../avr/lib/avr51\libm.a(fp_pscA.o)
                0x000116a0                __fp_pscA
 .text.avr-libc.fplib
                0x000116ae        0xe c:/program files (x86)/atmel/studio/7.0/toolchain/avr8/avr8-gnu-toolchain/bin/../lib/gcc/avr/4.9.2/../../../../avr/lib/avr51\libm.a(fp_pscB.o)
                0x000116ae                __fp_pscB
 .text.avr-libc.fplib
                0x000116bc       0x22 c:/program files (x86)/atmel/studio/7.0/toolchain/avr8/avr8-gnu-toolchain/bin/../lib/gcc/avr/4.9.2/../../../../avr/lib/avr51\libm.a(fp_round.o)
                0x000116bc                __fp_round
 .text.avr-libc.fplib
                0x000116de       0x44 c:/program files (x86)/atmel/studio/7.0/toolchain/avr8/avr8-gnu-toolchain/bin/../lib/gcc/avr/4.9.2/../../../../avr/lib/avr51\libm.a(fp_split3.o)
                0x000116de                __fp_split3
                0x000116ee                __fp_splitA
 .text.avr-libc.fplib
                0x00011722        0xe c:/program files (x86)/atmel/studio/7.0/toolchain/avr8/avr8-gnu-toolchain/bin/../lib/gcc/avr/4.9.2/../../../../avr/lib/avr51\libm.a(fp_zero.o)
                0x00011722                __fp_zero
                0x00011724                __fp_szero
 .text.avr-libc.fplib
                0x00011730        0x4 c:/program files (x86)/atmel/studio/7.0/toolchain/avr8/avr8-gnu-toolchain/bin/../lib/gcc/avr/4.9.2/../../../../avr/lib/avr51\libm.a(mulsf3.o)
                0x00011730                __mulsf3
 .text.avr-libc.fplib
                0x00011734       0xc2 c:/program files (x86)/atmel/studio/7.0/toolchain/avr8/avr8-gnu-toolchain/bin/../lib/gcc/avr/4.9.2/../../../../avr/lib/avr51\libm.a(mulsf3x.o)
                0x00011748                __mulsf3x
                0x0001174c                __mulsf3_pse
 .text.libgcc.div
                0x000117f6       0x26 c:/program files (x86)/atmel/studio/7.0/toolchain/avr8/avr8-gnu-toolchain/bin/../lib/gcc/avr/4.9.2/avr51\libgcc.a(_divmodhi4.o)
                0x000117f6                _div
                0x000117f6                __divmodhi4
 .text.libgcc.div
                0x0001181c       0x44 c:/program files (x86)/atmel/studio/7.0/toolchain/avr8/avr8-gnu-toolchain/bin/../lib/gcc/avr/4.9.2/avr51\libgcc.a(_udivmodsi4.o)
                0x0001181c                __udivmodsi4
 .text.libgcc   0x00011860       0x12 c:/program files (x86)/atmel/studio/7.0/toolchain/avr8/avr8-gnu-toolchain/bin/../lib/gcc/avr/4.9.2/avr51\libgcc.a(_tablejump2.o)
                0x00011860                __tablejump2__
 .text.libgcc.mul
                0x00011872       0x1e c:/program files (x86)/atmel/studio/7.0/toolchain/avr8/avr8-gnu-toolchain/bin/../lib/gcc/avr/4.9.2/avr51\libgcc.a(_umulhisi3.o)
                0x00011872                __umulhisi3
 .text.libgcc.div
                0x00011890       0x1a c:/program files (x86)/atmel/studio/7.0/toolchain/avr8/avr8-gnu-toolchain/bin/../lib/gcc/avr/4.9.2/avr51\libgcc.a(_udivdi3.o)
                0x00011890                __umoddi3
                0x00011894                __udivdi3
                0x00011896                __udivdi3_umoddi3
 .text.libgcc.div
                0x000118aa       0xa2 c:/program files (x86)/atmel/studio/7.0/toolchain/avr8/avr8-gnu-toolchain/bin/../lib/gcc/avr/4.9.2/avr51\libgcc.a(_udivmod64.o)
                0x000118aa                __udivmod64
 .text.libgcc.builtins
                0x0001194c       0x32 c:/program files (x86)/atmel/studio/7.0/toolchain/avr8/avr8-gnu-toolchain/bin/../lib/gcc/avr/4.9.2/avr51\libgcc.a(_ashldi3.o)
                0x0001194c                __ashldi3
 .text.libgcc.builtins
                0x0001197e       0x3c c:/program files (x86)/atmel/studio/7.0/toolchain/avr8/avr8-gnu-toolchain/bin/../lib/gcc/avr/4.9.2/avr51\libgcc.a(_ashrdi3.o)
                0x0001197e                __ashrdi3
                0x00011982                __lshrdi3
 .text.libgcc   0x000119ba       0x12 c:/program files (x86)/atmel/studio/7.0/toolchain/avr8/avr8-gnu-toolchain/bin/../lib/gcc/avr/4.9.2/avr51\libgcc.a(_adddi3.o)
                0x000119ba                __adddi3
 .text.libgcc   0x000119cc       0x18 c:/program files (x86)/atmel/studio/7.0/toolchain/avr8/avr8-gnu-toolchain/bin/../lib/gcc/avr/4.9.2/avr51\libgcc.a(_adddi3_s8.o)
                0x000119cc                __adddi3_s8
 .text.libgcc   0x000119e4       0x12 c:/program files (x86)/atmel/studio/7.0/toolchain/avr8/avr8-gnu-toolchain/bin/../lib/gcc/avr/4.9.2/avr51\libgcc.a(_subdi3.o)
                0x000119e4                __subdi3
 .text.libgcc   0x000119f6       0x18 c:/program files (x86)/atmel/studio/7.0/toolchain/avr8/avr8-gnu-toolchain/bin/../lib/gcc/avr/4.9.2/avr51\libgcc.a(_cmpdi2_s8.o)
                0x000119f6                __cmpdi2_s8
 .text.libgcc.div
                0x00011a0e       0x28 c:/program files (x86)/atmel/studio/7.0/toolchain/avr8/avr8-gnu-toolchain/bin/../lib/gcc/avr/4.9.2/avr51\libgcc.a(_udivmodhi4.o)
                0x00011a0e                __udivmodhi4
 .text.avr-libc
                0x00011a36       0xaa c:/program files (x86)/atmel/studio/7.0/toolchain/avr8/avr8-gnu-toolchain/bin/../lib/gcc/avr/4.9.2/../../../../avr/lib/avr51\libc.a(rand.o)
                0x00011ac2                rand_r
                0x00011ac4                rand
                0x00011aca                srand
 .text.libgcc.div
                0x00011ae0       0x28 c:/program files (x86)/atmel/studio/7.0/toolchain/avr8/avr8-gnu-toolchain/bin/../lib/gcc/avr/4.9.2/avr51\libgcc.a(_divmodsi4.o)
                0x00011ae0                __divmodsi4
 .text.libgcc.div
                0x00011b08       0x10 c:/program files (x86)/atmel/studio/7.0/toolchain/avr8/avr8-gnu-toolchain/bin/../lib/gcc/avr/4.9.2/avr51\libgcc.a(_negsi2.o)
                0x00011b08                __negsi2
 .text.libgcc.mul
                0x00011b18       0x14 c:/program files (x86)/atmel/studio/7.0/toolchain/avr8/avr8-gnu-toolchain/bin/../lib/gcc/avr/4.9.2/avr51\libgcc.a(_muluhisi3.o)
                0x00011b18                __muluhisi3
 .text.libgcc.mul
                0x00011b2c        0xc c:/program files (x86)/atmel/studio/7.0/toolchain/avr8/avr8-gnu-toolchain/bin/../lib/gcc/avr/4.9.2/avr51\libgcc.a(_mulshisi3.o)
                0x00011b2c                __mulshisi3
                0x00011b30                __mulohisi3
                0x00011b38                . = ALIGN (0x2)
 *(.fini9)
 .fini9         0x00011b38        0x0 c:/program files (x86)/atmel/studio/7.0/toolchain/avr8/avr8-gnu-toolchain/bin/../lib/gcc/avr/4.9.2/avr51\libgcc.a(_exit.o)
                0x00011b38                _exit
                0x00011b38                exit
 *(.fini9)
 *(.fini8)
 *(.fini8)
 *(.fini7)
 *(.fini7)
 *(.fini6)
 *(.fini6)
 *(.fini5)
 *(.fini5)
 *(.fini4)
 *(.fini4)
 *(.fini3)
 *(.fini3)
 *(.fini2)
 *(.fini2)
 *(.fini1)
 *(.fini1)
 *(.fini0)
 .fini0         0x00011b38        0x4 c:/program files (x86)/atmel/studio/7.0/toolchain/avr8/avr8-gnu-toolchain/bin/../lib/gcc/avr/4.9.2/avr51\libgcc.a(_exit.o)
 *(.fini0)
                0x00011b3c                _etext = .

.data           0x00800100     0x1a94 load address 0x00011b3c
                0x00800100                PROVIDE (__data_start, .)
 *(.data)
 .data          0x00800100        0x4 c:/program files (x86)/atmel/studio/7.0/toolchain/avr8/avr8-gnu-toolchain/bin/../lib/gcc/avr/4.9.2/../../../../avr/lib/avr51\libc.a(rand.o)
 *(.data*)
 .data._ZL2HP   0x00800104        0x1 JUNPGAME.o
 .data.AppFunc  0x00800105       0x24 main.o
                0x00800105                AppFunc
 .data.app_number
                0x00800129        0x1 main.o
                0x00800129                app_number
 .data.player_dropt
                0x0080012a        0x1 move.o
                0x0080012a                player_dropt
 .data._ZL13reset_point_y
                0x0080012b        0x2 move.o
 .data._ZL13reset_point_x
                0x0080012d        0x2 move.o
 .data.player_y
                0x0080012f        0x2 move.o
                0x0080012f                player_y
 .data.player_x
                0x00800131        0x2 move.o
                0x00800131                player_x
 .data.player_HP_MAX
                0x00800133        0x2 move.o
                0x00800133                player_HP_MAX
 .data.player_HP
                0x00800135        0x2 move.o
                0x00800135                player_HP
 .data._ZL4mmap
                0x00800137     0x10e0 move.o
 .data.SHOT_MAX
                0x00801217        0x1 move.o
                0x00801217                SHOT_MAX
 .data._ZL8PtnTimer
                0x00801218        0x1 Shooting.o
 .data._ZL3BHp  0x00801219        0x1 Shooting.o
 .data._ZL8SHOT_MAX
                0x0080121a        0x1 Shooting.o
 .data._ZL6blocks
                0x0080121b      0x1c0 TETRIS.o
 *(.rodata)
 .rodata        0x008013db       0x2e bikerace.o
 .rodata        0x00801409       0x3f move.o
 *(.rodata*)
 .rodata.str1.1
                0x00801448       0x2f bikerace.o
                                 0x33 (size before relaxing)
 .rodata._ZL5htype
                0x00801477      0x12c bikerace.o
 .rodata._ZL2hy
                0x008015a3      0x12c bikerace.o
 .rodata._ZL2hx
                0x008016cf      0x258 bikerace.o
 .rodata.str1.1
                0x00801927       0x15 button.o
 .rodata.str1.1
                0x0080193c       0x1d JUNPGAME.o
 .rodata.str1.1
                0x00801959       0x40 main.o
                                 0x4a (size before relaxing)
 .rodata.str1.1
                0x00801999      0x142 move.o
                                0x163 (size before relaxing)
 .rodata._ZL10enemy_type
                0x00801adb       0x19 move.o
 .rodata._ZL11enemy_state
                0x00801af4       0x32 move.o
 .rodata.str1.1
                0x00801b26       0x10 Shooting.o
                                 0x2a (size before relaxing)
 .rodata.str1.1
                0x00801b36        0x9 snake.o
                                 0x1f (size before relaxing)
 .rodata.str1.1
                0x00801b3f       0x4b TETRIS.o
                                 0x5e (size before relaxing)
 .rodata.str1.1
                0x00801b8a        0xa timer.o
                                 0x10 (size before relaxing)
 *(.gnu.linkonce.d*)
                0x00801b94                . = ALIGN (0x2)
                0x00801b94                _edata = .
                0x00801b94                PROVIDE (__data_end, .)

.bss            0x00801b94     0x1099
                0x00801b94                PROVIDE (__bss_start, .)
 *(.bss)
 *(.bss*)
 .bss._ZL6herdle
                0x00801b94      0x190 bikerace.o
 .bss._ZL5racer
                0x00801d24      0x110 bikerace.o
 .bss.race_stage
                0x00801e34        0x1 bikerace.o
                0x00801e34                race_stage
 .bss.Glcd_map  0x00801e35      0x400 Glcd_function.o
                0x00801e35                Glcd_map
 .bss._ZL11Jump_object
                0x00802235       0x5a JUNPGAME.o
 .bss._ZL5score
                0x0080228f        0x8 JUNPGAME.o
 .bss._ZZ11__vector_13E14second_counter
                0x00802297        0x1 main.o
 .bss._ZZ11__vector_13E7counter
                0x00802298        0x1 main.o
 .bss._ZZ9menu_mainvE11menu_cursor
                0x00802299        0x1 main.o
 .bss._ZZ9menu_mainvE11page_cursor
                0x0080229a        0x1 main.o
 .bss.system_clock
                0x0080229b        0x8 main.o
                0x0080229b                system_clock
 .bss.opponents_sig
                0x008022a3        0x1 main.o
                0x008022a3                opponents_sig
 .bss.connection_flag
                0x008022a4        0x1 main.o
                0x008022a4                connection_flag
 .bss.last_button
                0x008022a5        0x1 main.o
                0x008022a5                last_button
 .bss.sig       0x008022a6        0x1 main.o
                0x008022a6                sig
 .bss.sound_switch
                0x008022a7        0x1 main.o
                0x008022a7                sound_switch
 .bss.damage_count
                0x008022a8        0x4 move.o
                0x008022a8                damage_count
 .bss.shot_count
                0x008022ac        0x4 move.o
                0x008022ac                shot_count
 .bss.flame_count
                0x008022b0        0x4 move.o
                0x008022b0                flame_count
 .bss.Misile_Shot_Able
                0x008022b4        0x1 move.o
                0x008022b4                Misile_Shot_Able
 .bss.player_jump_f
                0x008022b5        0x1 move.o
                0x008022b5                player_jump_f
 .bss.scroll_y  0x008022b6        0x2 move.o
                0x008022b6                scroll_y
 .bss.scroll_x  0x008022b8        0x2 move.o
                0x008022b8                scroll_x
 .bss._ZL6Bullet
                0x008022ba      0x15e move.o
 .bss._ZL5Enemy
                0x00802418       0xb4 move.o
 .bss._ZL7Recover
                0x008024cc        0x6 move.o
 .bss._ZL6Misile
                0x008024d2        0x6 move.o
 .bss._ZL4Shot  0x008024d8      0x12c move.o
 .bss._ZL10move_alart
                0x00802604        0x1 move.o
 .bss.boss_flags
                0x00802605        0x1 move.o
                0x00802605                boss_flags
 .bss.player_ability
                0x00802606        0x1 move.o
                0x00802606                player_ability
 .bss._ZZ8moveBossvE10shotTiming
                0x00802607        0x1 Shooting.o
 .bss._ZZ6enemy2aE10shotTiming
                0x00802608        0x1 Shooting.o
 .bss._ZZ12shootingOvervE5state
                0x00802609        0x1 Shooting.o
 .bss._ZL14shooting_score
                0x0080260a        0x8 Shooting.o
 .bss._ZL8PtnIndex
                0x00802612        0x1 Shooting.o
 .bss._ZL9Explosion
                0x00802613       0x1e Shooting.o
 .bss._ZL5Laser
                0x00802631       0x1e Shooting.o
 .bss._ZL5Enemy
                0x0080264f       0x3c Shooting.o
 .bss._ZL6Bullet
                0x0080268b       0xaf Shooting.o
 .bss._ZL2Bs    0x0080273a        0x1 Shooting.o
 .bss._ZL2By    0x0080273b        0x1 Shooting.o
 .bss._ZL2Bx    0x0080273c        0x1 Shooting.o
 .bss._ZL2My    0x0080273d        0x1 Shooting.o
 .bss._ZL2Mx    0x0080273e        0x1 Shooting.o
 .bss._ZL6Shield
                0x0080273f        0x1 Shooting.o
 .bss._ZL17ShotIntervalTimer
                0x00802740        0x1 Shooting.o
 .bss._ZL11PlayCounter
                0x00802741        0x1 sound.o
 .bss._ZL9PlayIndex
                0x00802742        0x1 sound.o
 .bss._ZL7SNDBUFF
                0x00802743       0x14 sound.o
 .bss._ZL12tetris_delay
                0x00802757        0x1 TETRIS.o
 .bss._ZL5alart
                0x00802758        0x1 TETRIS.o
 .bss._ZL2lv    0x00802759        0x1 TETRIS.o
 .bss._ZL5lines
                0x0080275a        0x2 TETRIS.o
 .bss._ZL5score
                0x0080275c        0x4 TETRIS.o
 .bss._ZL10turn_point
                0x00802760        0x2 TETRIS.o
 .bss.lsig      0x00802762        0x1 TETRIS.o
                0x00802762                lsig
 .bss._ZL4ran2  0x00802763        0x1 TETRIS.o
 .bss._ZL3ran   0x00802764        0x1 TETRIS.o
 .bss._ZL11freeze_flag
                0x00802765        0x1 TETRIS.o
 .bss._ZL11block_flag2
                0x00802766        0x1 TETRIS.o
 .bss._ZL10block_flag
                0x00802767        0x1 TETRIS.o
 .bss._ZL13gameover_flag
                0x00802768        0x1 TETRIS.o
 .bss._ZL4side  0x00802769        0x1 TETRIS.o
 .bss._ZL4fall  0x0080276a        0x1 TETRIS.o
 .bss._ZL15collision_field
                0x0080276b      0x17a TETRIS.o
 .bss._ZL5field
                0x008028e5      0x17a TETRIS.o
 .bss._ZL5stage
                0x00802a5f      0x17a TETRIS.o
 .bss._ZL5block
                0x00802bd9       0x10 TETRIS.o
 .bss._ZL11first_block
                0x00802be9       0x10 TETRIS.o
 .bss._ZL13print_cursory
                0x00802bf9        0x1 TETRIS.o
 .bss._ZL13print_cursorx
                0x00802bfa        0x1 TETRIS.o
 .bss._ZL9StopWatch
                0x00802bfb       0x19 timer.o
 .bss._ZL5Timer
                0x00802c14       0x19 timer.o
 *(COMMON)
                0x00802c2d                PROVIDE (__bss_end, .)
                0x00011b3c                __data_load_start = LOADADDR (.data)
                0x000135d0                __data_load_end = (__data_load_start + SIZEOF (.data))

.noinit         0x00802c2d        0x0
                [!provide]                PROVIDE (__noinit_start, .)
 *(.noinit*)
                [!provide]                PROVIDE (__noinit_end, .)
                0x00802c2d                _end = .
                [!provide]                PROVIDE (__heap_start, .)

.eeprom         0x00810000        0x0
 *(.eeprom*)
                0x00810000                __eeprom_end = .

.fuse
 *(.fuse)
 *(.lfuse)
 *(.hfuse)
 *(.efuse)

.lock
 *(.lock*)

.signature
 *(.signature*)

.user_signatures
 *(.user_signatures*)

.stab
 *(.stab)

.stabstr
 *(.stabstr)

.stab.excl
 *(.stab.excl)

.stab.exclstr
 *(.stab.exclstr)

.stab.index
 *(.stab.index)

.stab.indexstr
 *(.stab.indexstr)

.comment        0x00000000       0x30
 *(.comment)
 .comment       0x00000000       0x30 bikerace.o
                                 0x31 (size before relaxing)
 .comment       0x00000030       0x31 button.o
 .comment       0x00000030       0x31 Glcd_function.o
 .comment       0x00000030       0x31 JUNPGAME.o
 .comment       0x00000030       0x31 main.o
 .comment       0x00000030       0x31 move.o
 .comment       0x00000030       0x31 Shooting.o
 .comment       0x00000030       0x31 slide16.o
 .comment       0x00000030       0x31 snake.o
 .comment       0x00000030       0x31 sound.o
 .comment       0x00000030       0x31 TETRIS.o
 .comment       0x00000030       0x31 timer.o
 .comment       0x00000030       0x31 c:/program files (x86)/atmel/studio/7.0/toolchain/avr8/avr8-gnu-toolchain/bin/../lib/gcc/avr/4.9.2/../../../../avr/lib/avr51\libc.a(rand.o)

.note.gnu.avr.deviceinfo
                0x00000000       0x40
 .note.gnu.avr.deviceinfo
                0x00000000       0x40 C:/Program Files (x86)/Atmel/Studio/7.0/Packs/atmel/ATmega_DFP/1.0.106/gcc/dev/atmega1284p/avr51/crtatmega1284p.o

.note.gnu.build-id
 *(.note.gnu.build-id)

.debug
 *(.debug)

.line
 *(.line)

.debug_srcinfo
 *(.debug_srcinfo)

.debug_sfnames
 *(.debug_sfnames)

.debug_aranges  0x00000000      0x5b0
 *(.debug_aranges)
 .debug_aranges
                0x00000000       0x70 bikerace.o
 .debug_aranges
                0x00000070       0x48 button.o
 .debug_aranges
                0x000000b8       0xe0 Glcd_function.o
 .debug_aranges
                0x00000198       0x50 JUNPGAME.o
 .debug_aranges
                0x000001e8       0x48 main.o
 .debug_aranges
                0x00000230      0x118 move.o
 .debug_aranges
                0x00000348       0xf0 Shooting.o
 .debug_aranges
                0x00000438       0x20 slide16.o
 .debug_aranges
                0x00000458       0x28 snake.o
 .debug_aranges
                0x00000480       0x40 sound.o
 .debug_aranges
                0x000004c0       0xb8 TETRIS.o
 .debug_aranges
                0x00000578       0x38 timer.o

.debug_pubnames
 *(.debug_pubnames)

.debug_info     0x00000000     0xb5a8
 *(.debug_info .gnu.linkonce.wi.*)
 .debug_info    0x00000000     0x16d2 bikerace.o
 .debug_info    0x000016d2      0x486 button.o
 .debug_info    0x00001b58     0x1399 Glcd_function.o
 .debug_info    0x00002ef1      0xbb1 JUNPGAME.o
 .debug_info    0x00003aa2      0x8b4 main.o
 .debug_info    0x00004356     0x35d3 move.o
 .debug_info    0x00007929     0x1b4d Shooting.o
 .debug_info    0x00009476      0x1d6 slide16.o
 .debug_info    0x0000964c      0x646 snake.o
 .debug_info    0x00009c92      0x254 sound.o
 .debug_info    0x00009ee6     0x1106 TETRIS.o
 .debug_info    0x0000afec      0x5bc timer.o

.debug_abbrev   0x00000000     0x19d7
 *(.debug_abbrev)
 .debug_abbrev  0x00000000      0x30c bikerace.o
 .debug_abbrev  0x0000030c      0x1c5 button.o
 .debug_abbrev  0x000004d1      0x1fe Glcd_function.o
 .debug_abbrev  0x000006cf      0x21f JUNPGAME.o
 .debug_abbrev  0x000008ee      0x225 main.o
 .debug_abbrev  0x00000b13      0x361 move.o
 .debug_abbrev  0x00000e74      0x31c Shooting.o
 .debug_abbrev  0x00001190      0x119 slide16.o
 .debug_abbrev  0x000012a9      0x1ff snake.o
 .debug_abbrev  0x000014a8      0x102 sound.o
 .debug_abbrev  0x000015aa      0x2d0 TETRIS.o
 .debug_abbrev  0x0000187a      0x15d timer.o

.debug_line     0x00000000     0x7ea8
 *(.debug_line .debug_line.* .debug_line_end)
 .debug_line    0x00000000     0x10c2 bikerace.o
 .debug_line    0x000010c2      0x352 button.o
 .debug_line    0x00001414      0xc2e Glcd_function.o
 .debug_line    0x00002042      0x618 JUNPGAME.o
 .debug_line    0x0000265a      0x445 main.o
 .debug_line    0x00002a9f     0x2727 move.o
 .debug_line    0x000051c6      0xf09 Shooting.o
 .debug_line    0x000060cf      0x168 slide16.o
 .debug_line    0x00006237      0x448 snake.o
 .debug_line    0x0000667f      0x1fb sound.o
 .debug_line    0x0000687a     0x1270 TETRIS.o
 .debug_line    0x00007aea      0x3be timer.o

.debug_frame    0x00000000     0x1da8
 *(.debug_frame)
 .debug_frame   0x00000000      0x378 bikerace.o
 .debug_frame   0x00000378       0x88 button.o
 .debug_frame   0x00000400      0x5b8 Glcd_function.o
 .debug_frame   0x000009b8      0x1b8 JUNPGAME.o
 .debug_frame   0x00000b70      0x10c main.o
 .debug_frame   0x00000c7c      0x658 move.o
 .debug_frame   0x000012d4      0x3f8 Shooting.o
 .debug_frame   0x000016cc       0x44 slide16.o
 .debug_frame   0x00001710       0xa8 snake.o
 .debug_frame   0x000017b8       0x64 sound.o
 .debug_frame   0x0000181c      0x460 TETRIS.o
 .debug_frame   0x00001c7c      0x12c timer.o

.debug_str      0x00000000     0x1964
 *(.debug_str)
 .debug_str     0x00000000      0x54a bikerace.o
                                0x603 (size before relaxing)
 .debug_str     0x0000054a       0xcb button.o
                                0x3cc (size before relaxing)
 .debug_str     0x00000615      0x34c Glcd_function.o
                                0x659 (size before relaxing)
 .debug_str     0x00000961      0x133 JUNPGAME.o
                                0x4b3 (size before relaxing)
 .debug_str     0x00000a94      0x115 main.o
                                0x4a8 (size before relaxing)
 .debug_str     0x00000ba9      0x5c3 move.o
                                0xaca (size before relaxing)
 .debug_str     0x0000116c      0x274 Shooting.o
                                0x726 (size before relaxing)
 .debug_str     0x000013e0       0x42 slide16.o
                                0x2af (size before relaxing)
 .debug_str     0x00001422       0x90 snake.o
                                0x3fc (size before relaxing)
 .debug_str     0x000014b2       0x58 sound.o
                                0x2a6 (size before relaxing)
 .debug_str     0x0000150a      0x3af TETRIS.o
                                0x780 (size before relaxing)
 .debug_str     0x000018b9       0xab timer.o
                                0x39b (size before relaxing)

.debug_loc      0x00000000     0xb27b
 *(.debug_loc)
 .debug_loc     0x00000000      0xcbc bikerace.o
 .debug_loc     0x00000cbc      0x180 button.o
 .debug_loc     0x00000e3c     0x2ab9 Glcd_function.o
 .debug_loc     0x000038f5      0x734 JUNPGAME.o
 .debug_loc     0x00004029      0x240 main.o
 .debug_loc     0x00004269     0x3170 move.o
 .debug_loc     0x000073d9     0x193f Shooting.o
 .debug_loc     0x00008d18       0xd2 slide16.o
 .debug_loc     0x00008dea      0x47d snake.o
 .debug_loc     0x00009267      0x1c1 sound.o
 .debug_loc     0x00009428     0x1bf2 TETRIS.o
 .debug_loc     0x0000b01a      0x261 timer.o

.debug_macinfo
 *(.debug_macinfo)

.debug_weaknames
 *(.debug_weaknames)

.debug_funcnames
 *(.debug_funcnames)

.debug_typenames
 *(.debug_typenames)

.debug_varnames
 *(.debug_varnames)

.debug_pubtypes
 *(.debug_pubtypes)

.debug_ranges   0x00000000      0x888
 *(.debug_ranges)
 .debug_ranges  0x00000000       0xb0 bikerace.o
 .debug_ranges  0x000000b0       0x38 button.o
 .debug_ranges  0x000000e8      0x148 Glcd_function.o
 .debug_ranges  0x00000230       0x40 JUNPGAME.o
 .debug_ranges  0x00000270       0x38 main.o
 .debug_ranges  0x000002a8      0x1a0 move.o
 .debug_ranges  0x00000448       0xf8 Shooting.o
 .debug_ranges  0x00000540       0x10 slide16.o
 .debug_ranges  0x00000550       0x18 snake.o
 .debug_ranges  0x00000568       0x68 sound.o
 .debug_ranges  0x000005d0      0x290 TETRIS.o
 .debug_ranges  0x00000860       0x28 timer.o

.debug_macro
 *(.debug_macro)
OUTPUT(GLCD_SYSTEM_MINI.elf elf32-avr)
LOAD linker stubs
